[lambdathemes.in/modern/index.html]
[backblue.gif]
[fade.gif]
[index.html]
[lambdathemes.in/modern/assets/plugins/pace-master/themes/blue/pace-theme-flash.css]
[lambdathemes.in/modern/assets/plugins/uniform/css/uniform.default.min.css]
[lambdathemes.in/modern/assets/plugins/bootstrap/css/bootstrap.min.css]
[lambdathemes.in/modern/assets/plugins/fontawesome/css/font-awesome.css]
[lambdathemes.in/modern/assets/plugins/line-icons/simple-line-icons.css]
[lambdathemes.in/modern/assets/plugins/offcanvasmenueffects/css/menu_cornerbox.css]
[lambdathemes.in/modern/assets/plugins/waves/waves.min.css]
[lambdathemes.in/modern/assets/plugins/switchery/switchery.min.css]
[lambdathemes.in/modern/assets/plugins/3d-bold-navigation/css/style.css]
[lambdathemes.in/modern/assets/plugins/weather-icons-master/css/weather-icons.min.css]
[lambdathemes.in/modern/assets/plugins/metrojs/MetroJs.min.css]
[lambdathemes.in/modern/assets/plugins/toastr/toastr.min.css]
[lambdathemes.in/modern/assets/css/modern.min.css]
[lambdathemes.in/modern/assets/css/themes/white.css]
[lambdathemes.in/modern/assets/plugins/3d-bold-navigation/js/modernizr.js]
[lambdathemes.in/modern/assets/images/avatar1.png]
[lambdathemes.in/modern/assets/plugins/offcanvasmenueffects/js/snap.svg-min.js]
[lambdathemes.in/modern/indexca00.html]
[lambdathemes.in/modern/indexaf91.html]
[lambdathemes.in/modern/index13d4.html]
[lambdathemes.in/modern/index938c.html]
[lambdathemes.in/modern/index0e99.html]
[lambdathemes.in/modern/index4965.html]
[lambdathemes.in/modern/assets/images/avatar2.png]
[lambdathemes.in/modern/assets/images/avatar4.png]
[lambdathemes.in/modern/assets/images/avatar3.png]
[lambdathemes.in/modern/assets/images/avatar5.png]
[lambdathemes.in/modern/profile.html]
[lambdathemes.in/modern/calendar.html]
[lambdathemes.in/modern/inbox.html]
[lambdathemes.in/modern/lock-screen.html]
[lambdathemes.in/modern/login.html]
[lambdathemes.in/modern/message-view.html]
[lambdathemes.in/modern/compose.html]
[lambdathemes.in/modern/ui-alerts.html]
[lambdathemes.in/modern/ui-buttons.html]
[lambdathemes.in/modern/ui-icons.html]
[lambdathemes.in/modern/ui-typography.html]
[lambdathemes.in/modern/ui-notifications.html]
[lambdathemes.in/modern/ui-grid.html]
[lambdathemes.in/modern/ui-tabs-accordions.html]
[lambdathemes.in/modern/ui-modals.html]
[lambdathemes.in/modern/ui-panels.html]
[lambdathemes.in/modern/ui-progress.html]
[lambdathemes.in/modern/ui-nestable.html]
[lambdathemes.in/modern/ui-tree-view.html]
[lambdathemes.in/modern/layout-blank.html]
[lambdathemes.in/modern/layout-boxed.html]
[lambdathemes.in/modern/layout-horizontal-menu.html]
[lambdathemes.in/modern/layout-horizontal-menu-boxed.html]
[lambdathemes.in/modern/layout-horizontal-menu-minimal.html]
[lambdathemes.in/modern/layout-fixed-sidebar.html]
[lambdathemes.in/modern/layout-static-header.html]
[lambdathemes.in/modern/layout-collapsed-sidebar.html]
[lambdathemes.in/modern/layout-compact-menu.html]
[lambdathemes.in/modern/layout-hover-menu.html]
[lambdathemes.in/modern/table-static.html]
[lambdathemes.in/modern/table-responsive.html]
[lambdathemes.in/modern/table-data.html]
[lambdathemes.in/modern/form-elements.html]
[lambdathemes.in/modern/form-wizard.html]
[lambdathemes.in/modern/form-upload.html]
[lambdathemes.in/modern/form-image-crop.html]
[lambdathemes.in/modern/form-select2.html]
[lambdathemes.in/modern/form-x-editable.html]
[lambdathemes.in/modern/charts-sparkline.html]
[lambdathemes.in/modern/charts-morris.html]
[lambdathemes.in/modern/charts-flotchart.html]
[lambdathemes.in/modern/charts-chartjs.html]
[lambdathemes.in/modern/register.html]
[lambdathemes.in/modern/forgot.html]
[lambdathemes.in/modern/maps-google.html]
[lambdathemes.in/modern/maps-vector.html]
[lambdathemes.in/modern/404.html]
[lambdathemes.in/modern/500.html]
[lambdathemes.in/modern/invoice.html]
[lambdathemes.in/modern/pricing-tables.html]
[lambdathemes.in/modern/shop.html]
[lambdathemes.in/modern/gallery.html]
[lambdathemes.in/modern/timeline.html]
[lambdathemes.in/modern/search.html]
[lambdathemes.in/modern/coming-soon.html]
[lambdathemes.in/modern/contact.html]
[lambdathemes.in/modern/assets/plugins/jquery/jquery-2.1.3.min.js]
[lambdathemes.in/modern/assets/plugins/pace-master/pace.min.js]
[lambdathemes.in/modern/assets/plugins/jquery-blockui/jquery.blockui.js]
[lambdathemes.in/modern/assets/plugins/bootstrap/js/bootstrap.min.js]
[lambdathemes.in/modern/assets/plugins/jquery-slimscroll/jquery.slimscroll.min.js]
[lambdathemes.in/modern/assets/plugins/switchery/switchery.min.js]
[lambdathemes.in/modern/assets/plugins/uniform/jquery.uniform.min.js]
[lambdathemes.in/modern/assets/plugins/jquery-ui/jquery-ui.min.js]
[lambdathemes.in/modern/assets/plugins/offcanvasmenueffects/js/classie.js]
[lambdathemes.in/modern/assets/plugins/offcanvasmenueffects/js/main.js]
[lambdathemes.in/modern/assets/plugins/waves/waves.min.js]
[lambdathemes.in/modern/assets/plugins/3d-bold-navigation/js/main.js]
[lambdathemes.in/modern/assets/plugins/waypoints/jquery.waypoints.min.js]
[lambdathemes.in/modern/assets/plugins/jquery-counterup/jquery.counterup.min.js]
[lambdathemes.in/modern/assets/plugins/toastr/toastr.min.js]
[lambdathemes.in/modern/assets/plugins/flot/jquery.flot.min.js]
[lambdathemes.in/modern/assets/plugins/flot/jquery.flot.time.min.js]
[lambdathemes.in/modern/assets/plugins/flot/jquery.flot.symbol.min.js]
[lambdathemes.in/modern/assets/plugins/flot/jquery.flot.resize.min.js]
[lambdathemes.in/modern/assets/plugins/flot/jquery.flot.tooltip.min.js]
[lambdathemes.in/modern/assets/plugins/curvedlines/curvedLines.js]
[lambdathemes.in/modern/assets/plugins/metrojs/MetroJs.min.js]
[lambdathemes.in/modern/assets/js/modern.min.js]
[lambdathemes.in/modern/assets/js/pages/dashboard.js]
[lambdathemes.in/modern/index.html]
[lambdathemes.in/modern/assets/plugins/pace-master/themes/blue/pace-theme-flash.css]
[lambdathemes.in/modern/assets/plugins/uniform/images/sprite.png]
[lambdathemes.in/modern/assets/plugins/uniform/images/bg-input.png]
[lambdathemes.in/modern/assets/plugins/uniform/images/bg-input-focus.png]
[lambdathemes.in/modern/assets/plugins/uniform/css/uniform.default.min.css]
[lambdathemes.in/modern/assets/plugins/bootstrap/fonts/glyphicons-halflings-regular.eot]
[lambdathemes.in/modern/assets/plugins/bootstrap/fonts/glyphicons-halflings-regular.woff2]
[lambdathemes.in/modern/assets/plugins/bootstrap/fonts/glyphicons-halflings-regulard41d.eot]
[lambdathemes.in/modern/assets/plugins/bootstrap/fonts/glyphicons-halflings-regular.woff]
[lambdathemes.in/modern/assets/plugins/bootstrap/fonts/glyphicons-halflings-regular.ttf]
[lambdathemes.in/modern/assets/plugins/bootstrap/css/bootstrap.min.css]
[lambdathemes.in/modern/assets/plugins/bootstrap/fonts/glyphicons-halflings-regular.svg]
[lambdathemes.in/modern/assets/plugins/fontawesome/fonts/fontawesome-webfonte0a5.eot]
[lambdathemes.in/modern/assets/plugins/fontawesome/fonts/fontawesome-webfontd41d.eot]
[lambdathemes.in/modern/assets/plugins/fontawesome/fonts/fontawesome-webfonte0a5.woff2]
[lambdathemes.in/modern/assets/plugins/fontawesome/fonts/fontawesome-webfonte0a5.woff]
[lambdathemes.in/modern/assets/plugins/fontawesome/fonts/fontawesome-webfonte0a5.ttf]
[lambdathemes.in/modern/assets/plugins/fontawesome/css/font-awesome.css]
[lambdathemes.in/modern/assets/plugins/fontawesome/fonts/fontawesome-webfonte0a5.svg]
[lambdathemes.in/modern/assets/plugins/line-icons/fonts/Simple-Line-Icons.eot]
[lambdathemes.in/modern/assets/plugins/line-icons/fonts/Simple-Line-Iconsd41d.eot]
[lambdathemes.in/modern/assets/plugins/line-icons/fonts/Simple-Line-Icons.woff]
[lambdathemes.in/modern/assets/plugins/line-icons/fonts/Simple-Line-Icons.ttf]
[lambdathemes.in/modern/assets/plugins/line-icons/fonts/Simple-Line-Icons.svg]
[lambdathemes.in/modern/assets/plugins/line-icons/simple-line-icons.css]
[lambdathemes.in/modern/assets/plugins/offcanvasmenueffects/css/menu_cornerbox.css]
[lambdathemes.in/modern/assets/plugins/waves/waves.min.css]
[lambdathemes.in/modern/assets/plugins/switchery/switchery.min.css]
[lambdathemes.in/modern/assets/plugins/3d-bold-navigation/css/style.css]
[lambdathemes.in/modern/assets/plugins/weather-icons-master/font/weathericons-regular-webfont.eot]
[lambdathemes.in/modern/assets/plugins/weather-icons-master/font/weathericons-regular-webfont.woff]
[lambdathemes.in/modern/assets/plugins/weather-icons-master/font/weathericons-regular-webfontd41d.eot]
[lambdathemes.in/modern/assets/plugins/weather-icons-master/font/weathericons-regular-webfont.ttf]
[lambdathemes.in/modern/assets/plugins/weather-icons-master/font/weathericons-regular-webfont.svg]
[lambdathemes.in/modern/assets/plugins/weather-icons-master/css/weather-icons.min.css]
[lambdathemes.in/modern/assets/plugins/metrojs/images/metroIcons_light.jpg]
[lambdathemes.in/modern/assets/plugins/metrojs/images/metroIcons.jpg]
[lambdathemes.in/modern/assets/plugins/metrojs/MetroJs.min.css]
[lambdathemes.in/modern/assets/plugins/toastr/toastr.min.css]
[lambdathemes.in/modern/assets/images/profile-cover.png]
[lambdathemes.in/modern/assets/images/coming-soon.jpg]
[lambdathemes.in/modern/assets/css/modern.min.css]
[lambdathemes.in/modern/assets/css/themes/white.css]
[lambdathemes.in/modern/assets/css/custom.css]
[lambdathemes.in/modern/indexca00.html]
[lambdathemes.in/modern/indexaf91.html]
[lambdathemes.in/modern/index0e99.html]
[lambdathemes.in/modern/index13d4.html]
[lambdathemes.in/modern/index938c.html]
[lambdathemes.in/modern/index4965.html]
[lambdathemes.in/modern/profileca00.html]
[lambdathemes.in/modern/profileaf91.html]
[lambdathemes.in/modern/profile0e99.html]
[lambdathemes.in/modern/profile13d4.html]
[lambdathemes.in/modern/profile938c.html]
[lambdathemes.in/modern/profile4965.html]
[lambdathemes.in/modern/assets/images/post-image.jpg]
[lambdathemes.in/modern/assets/js/pages/profile.js]
[lambdathemes.in/modern/profile.html]
[lambdathemes.in/modern/assets/plugins/fullcalendar/fullcalendar.min.css]
[lambdathemes.in/modern/calendarca00.html]
[lambdathemes.in/modern/calendaraf91.html]
[lambdathemes.in/modern/calendar0e99.html]
[lambdathemes.in/modern/calendar13d4.html]
[lambdathemes.in/modern/calendar938c.html]
[lambdathemes.in/modern/calendar4965.html]
[lambdathemes.in/modern/assets/plugins/fullcalendar/lib/moment.min.js]
[lambdathemes.in/modern/assets/plugins/fullcalendar/fullcalendar.min.js]
[lambdathemes.in/modern/assets/js/pages/calendar.js]
[lambdathemes.in/modern/calendar.html]
[lambdathemes.in/modern/inboxca00.html]
[lambdathemes.in/modern/inboxaf91.html]
[lambdathemes.in/modern/inbox0e99.html]
[lambdathemes.in/modern/inbox13d4.html]
[lambdathemes.in/modern/inbox938c.html]
[lambdathemes.in/modern/inbox4965.html]
[lambdathemes.in/modern/assets/js/pages/inbox.js]
[lambdathemes.in/modern/inbox.html]
[lambdathemes.in/modern/lock-screen.html]
[lambdathemes.in/modern/login.html]
[lambdathemes.in/modern/message-viewca00.html]
[lambdathemes.in/modern/message-viewaf91.html]
[lambdathemes.in/modern/message-view0e99.html]
[lambdathemes.in/modern/message-view13d4.html]
[lambdathemes.in/modern/message-view938c.html]
[lambdathemes.in/modern/message-view4965.html]
[lambdathemes.in/modern/assets/images/attachment1.jpg]
[lambdathemes.in/modern/assets/images/attachment2.jpg]
[lambdathemes.in/modern/message-view.html]
[lambdathemes.in/modern/assets/plugins/summernote-master/summernote.css]
[lambdathemes.in/modern/composeca00.html]
[lambdathemes.in/modern/composeaf91.html]
[lambdathemes.in/modern/compose0e99.html]
[lambdathemes.in/modern/compose13d4.html]
[lambdathemes.in/modern/compose938c.html]
[lambdathemes.in/modern/compose4965.html]
[lambdathemes.in/modern/assets/plugins/summernote-master/summernote.min.js]
[lambdathemes.in/modern/assets/js/pages/compose.js]
[lambdathemes.in/modern/compose.html]
[lambdathemes.in/modern/ui-alertsca00.html]
[lambdathemes.in/modern/ui-alertsaf91.html]
[lambdathemes.in/modern/ui-alerts0e99.html]
[lambdathemes.in/modern/ui-alerts13d4.html]
[lambdathemes.in/modern/ui-alerts938c.html]
[lambdathemes.in/modern/ui-alerts4965.html]
[lambdathemes.in/modern/ui-alerts.html]
[lambdathemes.in/modern/ui-buttonsca00.html]
[lambdathemes.in/modern/ui-buttonsaf91.html]
[lambdathemes.in/modern/ui-buttons0e99.html]
[lambdathemes.in/modern/ui-buttons13d4.html]
[lambdathemes.in/modern/ui-buttons938c.html]
[lambdathemes.in/modern/ui-buttons4965.html]
[lambdathemes.in/modern/ui-buttons.html]
[lambdathemes.in/modern/ui-iconsca00.html]
[lambdathemes.in/modern/ui-iconsaf91.html]
[lambdathemes.in/modern/ui-icons0e99.html]
[lambdathemes.in/modern/ui-icons13d4.html]
[lambdathemes.in/modern/ui-icons938c.html]
[lambdathemes.in/modern/ui-icons.html]
[lambdathemes.in/modern/ui-icons4965.html]
[lambdathemes.in/modern/ui-typographyca00.html]
[lambdathemes.in/modern/ui-typographyaf91.html]
[lambdathemes.in/modern/ui-typography0e99.html]
[lambdathemes.in/modern/ui-typography13d4.html]
[lambdathemes.in/modern/ui-typography938c.html]
[lambdathemes.in/modern/ui-typography4965.html]
[lambdathemes.in/modern/ui-typography.html]
[lambdathemes.in/modern/ui-notificationsca00.html]
[lambdathemes.in/modern/ui-notificationsaf91.html]
[lambdathemes.in/modern/ui-notifications0e99.html]
[lambdathemes.in/modern/ui-notifications13d4.html]
[lambdathemes.in/modern/ui-notifications938c.html]
[lambdathemes.in/modern/ui-notifications4965.html]
[lambdathemes.in/modern/ui-notifications.html]
[lambdathemes.in/modern/assets/js/pages/notifications.js]
[lambdathemes.in/modern/ui-gridca00.html]
[lambdathemes.in/modern/ui-gridaf91.html]
[lambdathemes.in/modern/ui-grid0e99.html]
[lambdathemes.in/modern/ui-grid13d4.html]
[lambdathemes.in/modern/ui-grid938c.html]
[lambdathemes.in/modern/ui-grid4965.html]
[lambdathemes.in/modern/ui-grid.html]
[lambdathemes.in/modern/ui-tabs-accordionsca00.html]
[lambdathemes.in/modern/ui-tabs-accordionsaf91.html]
[lambdathemes.in/modern/ui-tabs-accordions0e99.html]
[lambdathemes.in/modern/ui-tabs-accordions13d4.html]
[lambdathemes.in/modern/ui-tabs-accordions938c.html]
[lambdathemes.in/modern/ui-tabs-accordions4965.html]
[lambdathemes.in/modern/ui-tabs-accordions.html]
[lambdathemes.in/modern/ui-modalsca00.html]
[lambdathemes.in/modern/ui-modalsaf91.html]
[lambdathemes.in/modern/ui-modals0e99.html]
[lambdathemes.in/modern/ui-modals13d4.html]
[lambdathemes.in/modern/ui-modals938c.html]
[lambdathemes.in/modern/ui-modals4965.html]
[lambdathemes.in/modern/ui-modals.html]
[lambdathemes.in/modern/ui-panelsca00.html]
[lambdathemes.in/modern/ui-panelsaf91.html]
[lambdathemes.in/modern/ui-panels0e99.html]
[lambdathemes.in/modern/ui-panels13d4.html]
[lambdathemes.in/modern/ui-panels938c.html]
[lambdathemes.in/modern/ui-panels4965.html]
[lambdathemes.in/modern/ui-panels.html]
[lambdathemes.in/modern/ui-progressca00.html]
[lambdathemes.in/modern/ui-progressaf91.html]
[lambdathemes.in/modern/ui-progress0e99.html]
[lambdathemes.in/modern/ui-progress13d4.html]
[lambdathemes.in/modern/ui-progress938c.html]
[lambdathemes.in/modern/ui-progress4965.html]
[lambdathemes.in/modern/ui-progress.html]
[lambdathemes.in/modern/assets/plugins/nestable/nestable.css]
[lambdathemes.in/modern/ui-nestableca00.html]
[lambdathemes.in/modern/ui-nestableaf91.html]
[lambdathemes.in/modern/ui-nestable0e99.html]
[lambdathemes.in/modern/ui-nestable13d4.html]
[lambdathemes.in/modern/ui-nestable938c.html]
[lambdathemes.in/modern/ui-nestable4965.html]
[lambdathemes.in/modern/assets/js/pages/nestable.js]
[lambdathemes.in/modern/ui-nestable.html]
[lambdathemes.in/modern/assets/plugins/jstree/themes/default/style.min.css]
[lambdathemes.in/modern/ui-tree-viewca00.html]
[lambdathemes.in/modern/ui-tree-viewaf91.html]
[lambdathemes.in/modern/ui-tree-view0e99.html]
[lambdathemes.in/modern/ui-tree-view13d4.html]
[lambdathemes.in/modern/ui-tree-view938c.html]
[lambdathemes.in/modern/ui-tree-view4965.html]
[lambdathemes.in/modern/assets/plugins/jstree/jstree.min.js]
[lambdathemes.in/modern/assets/js/pages/jstree.js]
[lambdathemes.in/modern/ui-tree-view.html]
[lambdathemes.in/modern/layout-blankca00.html]
[lambdathemes.in/modern/layout-blankaf91.html]
[lambdathemes.in/modern/layout-blank0e99.html]
[lambdathemes.in/modern/layout-blank13d4.html]
[lambdathemes.in/modern/layout-blank938c.html]
[lambdathemes.in/modern/layout-blank4965.html]
[lambdathemes.in/modern/layout-blank.html]
[lambdathemes.in/modern/layout-boxedca00.html]
[lambdathemes.in/modern/layout-boxedaf91.html]
[lambdathemes.in/modern/layout-boxed0e99.html]
[lambdathemes.in/modern/layout-boxed13d4.html]
[lambdathemes.in/modern/layout-boxed938c.html]
[lambdathemes.in/modern/layout-boxed.html]
[lambdathemes.in/modern/layout-boxed4965.html]
[lambdathemes.in/modern/layout-horizontal-menuca00.html]
[lambdathemes.in/modern/layout-horizontal-menuaf91.html]
[lambdathemes.in/modern/layout-horizontal-menu0e99.html]
[lambdathemes.in/modern/layout-horizontal-menu13d4.html]
[lambdathemes.in/modern/layout-horizontal-menu938c.html]
[lambdathemes.in/modern/layout-horizontal-menu4965.html]
[lambdathemes.in/modern/layout-horizontal-menu.html]
[lambdathemes.in/modern/layout-horizontal-menu-boxedca00.html]
[lambdathemes.in/modern/layout-horizontal-menu-boxedaf91.html]
[lambdathemes.in/modern/layout-horizontal-menu-boxed0e99.html]
[lambdathemes.in/modern/layout-horizontal-menu-boxed13d4.html]
[lambdathemes.in/modern/layout-horizontal-menu-boxed938c.html]
[lambdathemes.in/modern/layout-horizontal-menu-boxed4965.html]
[lambdathemes.in/modern/layout-horizontal-menu-boxed.html]
[lambdathemes.in/modern/layout-horizontal-menu-minimalca00.html]
[lambdathemes.in/modern/layout-horizontal-menu-minimalaf91.html]
[lambdathemes.in/modern/layout-horizontal-menu-minimal0e99.html]
[lambdathemes.in/modern/layout-horizontal-menu-minimal13d4.html]
[lambdathemes.in/modern/layout-horizontal-menu-minimal938c.html]
[lambdathemes.in/modern/layout-horizontal-menu-minimal4965.html]
[lambdathemes.in/modern/layout-horizontal-menu-minimal.html]
[lambdathemes.in/modern/layout-fixed-sidebarca00.html]
[lambdathemes.in/modern/layout-fixed-sidebaraf91.html]
[lambdathemes.in/modern/layout-fixed-sidebar0e99.html]
[lambdathemes.in/modern/layout-fixed-sidebar13d4.html]
[lambdathemes.in/modern/layout-fixed-sidebar938c.html]
[lambdathemes.in/modern/layout-fixed-sidebar.html]
[lambdathemes.in/modern/layout-fixed-sidebar4965.html]
[lambdathemes.in/modern/layout-static-headerca00.html]
[lambdathemes.in/modern/layout-static-headeraf91.html]
[lambdathemes.in/modern/layout-static-header0e99.html]
[lambdathemes.in/modern/layout-static-header13d4.html]
[lambdathemes.in/modern/layout-static-header938c.html]
[lambdathemes.in/modern/layout-static-header.html]
[lambdathemes.in/modern/layout-static-header4965.html]
[lambdathemes.in/modern/layout-collapsed-sidebarca00.html]
[lambdathemes.in/modern/layout-collapsed-sidebaraf91.html]
[lambdathemes.in/modern/layout-collapsed-sidebar0e99.html]
[lambdathemes.in/modern/layout-collapsed-sidebar13d4.html]
[lambdathemes.in/modern/layout-collapsed-sidebar938c.html]
[lambdathemes.in/modern/layout-collapsed-sidebar.html]
[lambdathemes.in/modern/layout-collapsed-sidebar4965.html]
[lambdathemes.in/modern/layout-compact-menuca00.html]
[lambdathemes.in/modern/layout-compact-menuaf91.html]
[lambdathemes.in/modern/layout-compact-menu0e99.html]
[lambdathemes.in/modern/layout-compact-menu13d4.html]
[lambdathemes.in/modern/layout-compact-menu938c.html]
[lambdathemes.in/modern/layout-compact-menu.html]
[lambdathemes.in/modern/layout-compact-menu4965.html]
[lambdathemes.in/modern/layout-hover-menuca00.html]
[lambdathemes.in/modern/layout-hover-menuaf91.html]
[lambdathemes.in/modern/layout-hover-menu0e99.html]
[lambdathemes.in/modern/layout-hover-menu13d4.html]
[lambdathemes.in/modern/layout-hover-menu938c.html]
[lambdathemes.in/modern/layout-hover-menu.html]
[lambdathemes.in/modern/layout-hover-menu4965.html]
[lambdathemes.in/modern/table-staticca00.html]
[lambdathemes.in/modern/table-staticaf91.html]
[lambdathemes.in/modern/table-static0e99.html]
[lambdathemes.in/modern/table-static13d4.html]
[lambdathemes.in/modern/table-static938c.html]
[lambdathemes.in/modern/table-static.html]
[lambdathemes.in/modern/table-static4965.html]
[lambdathemes.in/modern/table-responsiveca00.html]
[lambdathemes.in/modern/table-responsiveaf91.html]
[lambdathemes.in/modern/table-responsive0e99.html]
[lambdathemes.in/modern/table-responsive13d4.html]
[lambdathemes.in/modern/table-responsive938c.html]
[lambdathemes.in/modern/table-responsive4965.html]
[lambdathemes.in/modern/table-responsive.html]
[lambdathemes.in/modern/assets/plugins/datatables/css/jquery.datatables.min.css]
[lambdathemes.in/modern/assets/plugins/datatables/css/jquery.datatables_themeroller.css]
[lambdathemes.in/modern/table-dataca00.html]
[lambdathemes.in/modern/table-dataaf91.html]
[lambdathemes.in/modern/table-data0e99.html]
[lambdathemes.in/modern/table-data13d4.html]
[lambdathemes.in/modern/table-data938c.html]
[lambdathemes.in/modern/table-data4965.html]
[lambdathemes.in/modern/table-data.html]
[lambdathemes.in/modern/assets/js/pages/table-data.js]
[lambdathemes.in/modern/assets/plugins/datatables/js/jquery.datatables.min.js]
[lambdathemes.in/modern/assets/plugins/bootstrap-datepicker/css/datepicker3.css]
[lambdathemes.in/modern/assets/plugins/bootstrap-colorpicker/css/colorpicker.css]
[lambdathemes.in/modern/form-elementsca00.html]
[lambdathemes.in/modern/form-elementsaf91.html]
[lambdathemes.in/modern/form-elements0e99.html]
[lambdathemes.in/modern/form-elements13d4.html]
[lambdathemes.in/modern/form-elements938c.html]
[lambdathemes.in/modern/form-elements4965.html]
[lambdathemes.in/modern/assets/plugins/bootstrap-datepicker/js/bootstrap-datepicker.js]
[lambdathemes.in/modern/assets/plugins/bootstrap-colorpicker/js/bootstrap-colorpicker.js]
[lambdathemes.in/modern/assets/js/pages/form-elements.js]
[lambdathemes.in/modern/form-elements.html]
[lambdathemes.in/modern/form-wizardca00.html]
[lambdathemes.in/modern/form-wizardaf91.html]
[lambdathemes.in/modern/form-wizard0e99.html]
[lambdathemes.in/modern/form-wizard13d4.html]
[lambdathemes.in/modern/form-wizard938c.html]
[lambdathemes.in/modern/form-wizard4965.html]
[lambdathemes.in/modern/assets/images/envato-logo.png]
[lambdathemes.in/modern/assets/plugins/twitter-bootstrap-wizard/jquery.bootstrap.wizard.min.js]
[lambdathemes.in/modern/assets/js/pages/form-wizard.js]
[lambdathemes.in/modern/form-wizard.html]
[lambdathemes.in/modern/assets/plugins/dropzone/dropzone.min.css]
[lambdathemes.in/modern/assets/plugins/jquery-validation/jquery.validate.min.js]
[lambdathemes.in/modern/form-uploadca00.html]
[lambdathemes.in/modern/form-uploadaf91.html]
[lambdathemes.in/modern/form-upload0e99.html]
[lambdathemes.in/modern/form-upload13d4.html]
[lambdathemes.in/modern/form-upload938c.html]
[lambdathemes.in/modern/form-upload4965.html]
[lambdathemes.in/modern/assets/plugins/dropzone/dropzone.min.js]
[lambdathemes.in/modern/form-upload.html]
[lambdathemes.in/modern/assets/plugins/image-cropper/cropper.min.css]
[lambdathemes.in/modern/form-image-cropca00.html]
[lambdathemes.in/modern/form-image-cropaf91.html]
[lambdathemes.in/modern/form-image-crop0e99.html]
[lambdathemes.in/modern/form-image-crop13d4.html]
[lambdathemes.in/modern/form-image-crop938c.html]
[lambdathemes.in/modern/form-image-crop4965.html]
[lambdathemes.in/modern/assets/images/crop.jpg]
[lambdathemes.in/modern/assets/plugins/image-cropper/cropper.min.js]
[lambdathemes.in/modern/form-image-crop.html]
[lambdathemes.in/modern/assets/js/pages/form-image-crop.js]
[lambdathemes.in/modern/assets/plugins/select2/css/select2.min.css]
[lambdathemes.in/modern/form-select2ca00.html]
[lambdathemes.in/modern/form-select2af91.html]
[lambdathemes.in/modern/form-select20e99.html]
[lambdathemes.in/modern/form-select213d4.html]
[lambdathemes.in/modern/form-select2938c.html]
[lambdathemes.in/modern/form-select24965.html]
[lambdathemes.in/modern/form-select2.html]
[lambdathemes.in/modern/assets/js/pages/form-select2.js]
[lambdathemes.in/modern/assets/plugins/x-editable/bootstrap3-editable/css/bootstrap-editable.css]
[lambdathemes.in/modern/assets/plugins/x-editable/inputs-ext/typeaheadjs/lib/typeahead.js-bootstrap.css]
[lambdathemes.in/modern/assets/plugins/select2/js/select2.min.js]
[lambdathemes.in/modern/assets/plugins/bootstrap-datetimepicker/css/bootstrap-datetimepicker.min.css]
[lambdathemes.in/modern/form-x-editableca00.html]
[lambdathemes.in/modern/form-x-editableaf91.html]
[lambdathemes.in/modern/form-x-editable0e99.html]
[lambdathemes.in/modern/form-x-editable13d4.html]
[lambdathemes.in/modern/form-x-editable938c.html]
[lambdathemes.in/modern/form-x-editable4965.html]
[lambdathemes.in/modern/assets/plugins/jquery-mockjax-master/jquery.mockjax.js]
[lambdathemes.in/modern/assets/plugins/moment/moment.js]
[lambdathemes.in/modern/assets/plugins/x-editable/inputs-ext/typeaheadjs/lib/typeahead.js]
[lambdathemes.in/modern/assets/plugins/x-editable/inputs-ext/typeaheadjs/typeaheadjs.js]
[lambdathemes.in/modern/assets/plugins/x-editable/inputs-ext/address/address.js]
[lambdathemes.in/modern/assets/plugins/bootstrap-datetimepicker/js/bootstrap-datetimepicker.min.js]
[lambdathemes.in/modern/assets/plugins/select2/js/select2.full.min.js]
[lambdathemes.in/modern/assets/js/pages/form-x-editable.js]
[lambdathemes.in/modern/assets/plugins/x-editable/bootstrap3-editable/js/bootstrap-editable.js]
[lambdathemes.in/modern/form-x-editable.html]
[lambdathemes.in/modern/charts-sparklineca00.html]
[lambdathemes.in/modern/charts-sparklineaf91.html]
[lambdathemes.in/modern/charts-sparkline0e99.html]
[lambdathemes.in/modern/charts-sparkline13d4.html]
[lambdathemes.in/modern/charts-sparkline938c.html]
[lambdathemes.in/modern/charts-sparkline4965.html]
[lambdathemes.in/modern/charts-sparkline.html]
[lambdathemes.in/modern/charts-Rickshaw.html]
[lambdathemes.in/modern/assets/js/pages/charts-sparkline.js]
[lambdathemes.in/modern/assets/plugins/jquery-sparkline/jquery.sparkline.min.js]
[lambdathemes.in/modern/assets/plugins/morris/morris.css]
[lambdathemes.in/modern/charts-morrisca00.html]
[lambdathemes.in/modern/charts-morrisaf91.html]
[lambdathemes.in/modern/charts-morris0e99.html]
[lambdathemes.in/modern/charts-morris13d4.html]
[lambdathemes.in/modern/charts-morris938c.html]
[lambdathemes.in/modern/charts-morris4965.html]
[lambdathemes.in/modern/assets/js/pages/charts-morris.js]
[lambdathemes.in/modern/charts-morris.html]
[lambdathemes.in/modern/assets/plugins/morris/morris.min.js]
[lambdathemes.in/modern/charts-flotchartca00.html]
[lambdathemes.in/modern/charts-flotchartaf91.html]
[lambdathemes.in/modern/charts-flotchart0e99.html]
[lambdathemes.in/modern/assets/plugins/morris/raphael.min.js]
[lambdathemes.in/modern/charts-flotchart13d4.html]
[lambdathemes.in/modern/charts-flotchart938c.html]
[lambdathemes.in/modern/charts-flotchart4965.html]
[lambdathemes.in/modern/assets/plugins/flot/jquery.flot.pie.min.js]
[lambdathemes.in/modern/charts-flotchart.html]
[lambdathemes.in/modern/assets/js/pages/charts-flot.js]
[lambdathemes.in/modern/charts-chartjsca00.html]
[lambdathemes.in/modern/charts-chartjsaf91.html]
[lambdathemes.in/modern/charts-chartjs0e99.html]
[lambdathemes.in/modern/charts-chartjs13d4.html]
[lambdathemes.in/modern/charts-chartjs938c.html]
[lambdathemes.in/modern/charts-chartjs4965.html]
[lambdathemes.in/modern/assets/plugins/chartsjs/Chart.min.js]
[lambdathemes.in/modern/charts-chartjs.html]
[lambdathemes.in/modern/register.html]
[lambdathemes.in/modern/forgot.html]
[lambdathemes.in/modern/assets/js/pages/charts-chartjs.js]
[lambdathemes.in/modern/maps-googleca00.html]
[lambdathemes.in/modern/maps-googleaf91.html]
[lambdathemes.in/modern/maps-google0e99.html]
[lambdathemes.in/modern/maps-google13d4.html]
[lambdathemes.in/modern/maps-google938c.html]
[lambdathemes.in/modern/maps-google4965.html]
[lambdathemes.in/modern/maps-google.html]
[lambdathemes.in/modern/assets/js/pages/maps-google.js]
[lambdathemes.in/modern/assets/plugins/jqvmap/jqvmap.css]
[lambdathemes.in/modern/maps-vectorca00.html]
[lambdathemes.in/modern/maps-vectoraf91.html]
[lambdathemes.in/modern/maps-vector0e99.html]
[lambdathemes.in/modern/maps-vector13d4.html]
[lambdathemes.in/modern/maps-vector938c.html]
[lambdathemes.in/modern/maps-vector4965.html]
[lambdathemes.in/modern/assets/plugins/jqvmap/jquery.vmap.min.js]
[lambdathemes.in/modern/assets/plugins/jqvmap/data/jquery.vmap.sampledata.js]
[lambdathemes.in/modern/maps-vector.html]
[lambdathemes.in/modern/404.html]
[lambdathemes.in/modern/500.html]
[lambdathemes.in/modern/assets/js/pages/maps-vector.js]
[lambdathemes.in/modern/invoiceca00.html]
[lambdathemes.in/modern/invoiceaf91.html]
[lambdathemes.in/modern/assets/plugins/jqvmap/maps/jquery.vmap.world.js]
[lambdathemes.in/modern/invoice0e99.html]
[lambdathemes.in/modern/invoice13d4.html]
[lambdathemes.in/modern/invoice938c.html]
[lambdathemes.in/modern/invoice4965.html]
[lambdathemes.in/modern/assets/images/signature.png]
[lambdathemes.in/modern/invoice.html]
[lambdathemes.in/modern/assets/plugins/pricing-tables/css/style.css]
[lambdathemes.in/modern/pricing-tablesca00.html]
[lambdathemes.in/modern/pricing-tablesaf91.html]
[lambdathemes.in/modern/pricing-tables0e99.html]
[lambdathemes.in/modern/pricing-tables13d4.html]
[lambdathemes.in/modern/pricing-tables938c.html]
[lambdathemes.in/modern/pricing-tables4965.html]
[lambdathemes.in/modern/pricing-tables.html]
[lambdathemes.in/modern/assets/plugins/pricing-tables/js/main.js]
[lambdathemes.in/modern/assets/plugins/product-preview-slider/css/style.css]
[lambdathemes.in/modern/assets/plugins/checkoutconcepts/css/checkout-cornerflat.css]
[lambdathemes.in/modern/shopca00.html]
[lambdathemes.in/modern/shopaf91.html]
[lambdathemes.in/modern/shop0e99.html]
[lambdathemes.in/modern/shop13d4.html]
[lambdathemes.in/modern/shop938c.html]
[lambdathemes.in/modern/assets/images/shop/ugmonk-tshirt-1.jpg]
[lambdathemes.in/modern/shop4965.html]
[lambdathemes.in/modern/assets/images/shop/ugmonk-tshirt-2.jpg]
[lambdathemes.in/modern/assets/images/shop/ugmonk-tshirt-3.jpg]
[lambdathemes.in/modern/assets/images/shop/ugmonk-cap-1.jpg]
[lambdathemes.in/modern/assets/images/shop/ugmonk-cap-2.jpg]
[lambdathemes.in/modern/assets/images/shop/ugmonk-cap-3.jpg]
[lambdathemes.in/modern/assets/images/shop/ugmonk-bag-1.jpg]
[lambdathemes.in/modern/assets/images/shop/ugmonk-bag-2.jpg]
[lambdathemes.in/modern/assets/images/shop/ugmonk-bag-3.jpg]
[lambdathemes.in/modern/assets/plugins/gridgallery/js/imagesloaded.pkgd.min.js]
[lambdathemes.in/modern/assets/plugins/gridgallery/js/classie.js]
[lambdathemes.in/modern/assets/plugins/gridgallery/js/masonry.pkgd.min.js]
[lambdathemes.in/modern/assets/plugins/gridgallery/js/cbpgridgallery.js]
[lambdathemes.in/modern/assets/plugins/product-preview-slider/js/jquery.mobile.min.js]
[lambdathemes.in/modern/assets/plugins/product-preview-slider/js/main.js]
[lambdathemes.in/modern/shop.html]
[lambdathemes.in/modern/assets/js/pages/shop.js]
[lambdathemes.in/modern/assets/plugins/gridgallery/css/component.css]
[lambdathemes.in/modern/galleryca00.html]
[lambdathemes.in/modern/galleryaf91.html]
[lambdathemes.in/modern/gallery0e99.html]
[lambdathemes.in/modern/gallery13d4.html]
[lambdathemes.in/modern/gallery938c.html]
[lambdathemes.in/modern/gallery4965.html]
[lambdathemes.in/modern/assets/images/gallery/book01.jpg]
[lambdathemes.in/modern/assets/images/gallery/book02.jpg]
[lambdathemes.in/modern/assets/images/gallery/book03.jpg]
[lambdathemes.in/modern/assets/images/gallery/book04.jpg]
[lambdathemes.in/modern/assets/images/gallery/book05.jpg]
[lambdathemes.in/modern/assets/images/gallery/book06.jpg]
[lambdathemes.in/modern/assets/images/gallery/book07.jpg]
[lambdathemes.in/modern/assets/images/gallery/card01.jpg]
[lambdathemes.in/modern/assets/images/gallery/card02.jpg]
[lambdathemes.in/modern/assets/images/gallery/card03.jpg]
[lambdathemes.in/modern/assets/images/gallery/card04.jpg]
[lambdathemes.in/modern/assets/images/gallery/card05.jpg]
[lambdathemes.in/modern/assets/images/gallery/card06.jpg]
[lambdathemes.in/modern/assets/images/gallery/card07.jpg]
[lambdathemes.in/modern/assets/images/gallery/card08.jpg]
[lambdathemes.in/modern/assets/images/gallery/card09.jpg]
[lambdathemes.in/modern/assets/images/gallery/card10.jpg]
[lambdathemes.in/modern/assets/images/gallery/card11.jpg]
[lambdathemes.in/modern/assets/images/gallery/card12.jpg]
[lambdathemes.in/modern/assets/images/gallery/card13.jpg]
[lambdathemes.in/modern/assets/images/gallery/card14.jpg]
[lambdathemes.in/modern/assets/images/gallery/card15.jpg]
[lambdathemes.in/modern/assets/images/gallery/card16.jpg]
[lambdathemes.in/modern/assets/images/gallery/card17.jpg]
[lambdathemes.in/modern/assets/js/pages/gallery.js]
[lambdathemes.in/modern/gallery.html]
[lambdathemes.in/modern/assets/plugins/vertical-timeline/css/style.css]
[lambdathemes.in/modern/timelineca00.html]
[lambdathemes.in/modern/timelineaf91.html]
[lambdathemes.in/modern/timeline0e99.html]
[lambdathemes.in/modern/timeline13d4.html]
[lambdathemes.in/modern/timeline938c.html]
[lambdathemes.in/modern/timeline4965.html]
[lambdathemes.in/modern/assets/plugins/vertical-timeline/js/main.js]
[lambdathemes.in/modern/assets/js/pages/timeline.js]
[lambdathemes.in/modern/timeline.html]
[lambdathemes.in/modern/searchca00.html]
[lambdathemes.in/modern/searchaf91.html]
[lambdathemes.in/modern/search0e99.html]
[lambdathemes.in/modern/search13d4.html]
[lambdathemes.in/modern/search938c.html]
[lambdathemes.in/modern/search4965.html]
[lambdathemes.in/modern/search.html]
[lambdathemes.in/modern/assets/plugins/jquery-countdown/jquery.countdown.min.js]
[lambdathemes.in/modern/assets/js/pages/coming-soon.js]
[lambdathemes.in/modern/coming-soon.html]
[lambdathemes.in/modern/contactca00.html]
[lambdathemes.in/modern/contactaf91.html]
[lambdathemes.in/modern/contact0e99.html]
[lambdathemes.in/modern/contact13d4.html]
[lambdathemes.in/modern/contact938c.html]
[lambdathemes.in/modern/contact4965.html]
[lambdathemes.in/modern/assets/js/pages/contact.js]
[lambdathemes.in/modern/contact.html]
[lambdathemes.in/modern/assets/plugins/bootstrap/fonts/glyphicons-halflings-regular.svg]
[lambdathemes.in/modern/assets/plugins/fontawesome/fonts/fontawesome-webfonte0a5.svg]
[lambdathemes.in/modern/assets/plugins/line-icons/fonts/Simple-Line-Icons.svg]
[lambdathemes.in/modern/assets/plugins/weather-icons-master/font/weathericons-regular-webfont.svg]
[lambdathemes.in/modern/profileca00.html]
[lambdathemes.in/modern/profileaf91.html]
[lambdathemes.in/modern/profile0e99.html]
[lambdathemes.in/modern/profile13d4.html]
[lambdathemes.in/modern/profile938c.html]
[lambdathemes.in/modern/profile4965.html]
[lambdathemes.in/modern/assets/plugins/fullcalendar/fullcalendar.min.css]
[lambdathemes.in/modern/calendarca00.html]
[lambdathemes.in/modern/calendaraf91.html]
[lambdathemes.in/modern/calendar0e99.html]
[lambdathemes.in/modern/calendar13d4.html]
[lambdathemes.in/modern/calendar938c.html]
[lambdathemes.in/modern/assets/images/profile-cover.png]
[lambdathemes.in/modern/calendar4965.html]
[lambdathemes.in/modern/inboxca00.html]
[lambdathemes.in/modern/inboxaf91.html]
[lambdathemes.in/modern/inbox0e99.html]
[lambdathemes.in/modern/inbox13d4.html]
[lambdathemes.in/modern/inbox938c.html]
[lambdathemes.in/modern/inbox4965.html]
[lambdathemes.in/modern/message-viewca00.html]
[lambdathemes.in/modern/message-viewaf91.html]
[lambdathemes.in/modern/message-view0e99.html]
[lambdathemes.in/modern/message-view13d4.html]
[lambdathemes.in/modern/message-view938c.html]
[lambdathemes.in/modern/message-view4965.html]
[lambdathemes.in/modern/assets/plugins/summernote-master/summernote.css]
[lambdathemes.in/modern/composeca00.html]
[lambdathemes.in/modern/composeaf91.html]
[lambdathemes.in/modern/compose0e99.html]
[lambdathemes.in/modern/compose13d4.html]
[lambdathemes.in/modern/compose938c.html]
[lambdathemes.in/modern/compose4965.html]
[lambdathemes.in/modern/ui-alertsca00.html]
[lambdathemes.in/modern/ui-alertsaf91.html]
[lambdathemes.in/modern/ui-alerts0e99.html]
[lambdathemes.in/modern/ui-alerts13d4.html]
[lambdathemes.in/modern/ui-alerts938c.html]
[lambdathemes.in/modern/ui-alerts4965.html]
[lambdathemes.in/modern/ui-buttonsca00.html]
[lambdathemes.in/modern/ui-buttonsaf91.html]
[lambdathemes.in/modern/ui-buttons0e99.html]
[lambdathemes.in/modern/ui-buttons13d4.html]
[lambdathemes.in/modern/ui-buttons938c.html]
[lambdathemes.in/modern/ui-buttons4965.html]
[lambdathemes.in/modern/ui-iconsca00.html]
[lambdathemes.in/modern/ui-iconsaf91.html]
[lambdathemes.in/modern/ui-icons0e99.html]
[lambdathemes.in/modern/ui-icons13d4.html]
[lambdathemes.in/modern/ui-icons938c.html]
[lambdathemes.in/modern/ui-icons4965.html]
[lambdathemes.in/modern/ui-typographyca00.html]
[lambdathemes.in/modern/ui-typographyaf91.html]
[lambdathemes.in/modern/ui-typography0e99.html]
[lambdathemes.in/modern/ui-typography13d4.html]
[lambdathemes.in/modern/ui-typography938c.html]
[lambdathemes.in/modern/ui-typography4965.html]
[lambdathemes.in/modern/ui-notificationsca00.html]
[lambdathemes.in/modern/ui-notificationsaf91.html]
[lambdathemes.in/modern/ui-notifications0e99.html]
[lambdathemes.in/modern/ui-notifications13d4.html]
[lambdathemes.in/modern/ui-notifications938c.html]
[lambdathemes.in/modern/ui-notifications4965.html]
[lambdathemes.in/modern/ui-gridca00.html]
[lambdathemes.in/modern/ui-gridaf91.html]
[lambdathemes.in/modern/ui-grid0e99.html]
[lambdathemes.in/modern/ui-grid13d4.html]
[lambdathemes.in/modern/ui-grid938c.html]
[lambdathemes.in/modern/ui-grid4965.html]
[lambdathemes.in/modern/ui-tabs-accordionsca00.html]
[lambdathemes.in/modern/ui-tabs-accordionsaf91.html]
[lambdathemes.in/modern/ui-tabs-accordions0e99.html]
[lambdathemes.in/modern/ui-tabs-accordions13d4.html]
[lambdathemes.in/modern/ui-tabs-accordions938c.html]
[lambdathemes.in/modern/ui-tabs-accordions4965.html]
[lambdathemes.in/modern/ui-modalsca00.html]
[lambdathemes.in/modern/ui-modalsaf91.html]
[lambdathemes.in/modern/ui-modals0e99.html]
[lambdathemes.in/modern/ui-modals13d4.html]
[lambdathemes.in/modern/ui-modals938c.html]
[lambdathemes.in/modern/ui-modals4965.html]
[lambdathemes.in/modern/ui-panelsca00.html]
[lambdathemes.in/modern/ui-panelsaf91.html]
[lambdathemes.in/modern/ui-panels0e99.html]
[lambdathemes.in/modern/ui-panels13d4.html]
[lambdathemes.in/modern/ui-panels938c.html]
[lambdathemes.in/modern/ui-panels4965.html]
[lambdathemes.in/modern/ui-progressca00.html]
[lambdathemes.in/modern/ui-progressaf91.html]
[lambdathemes.in/modern/ui-progress0e99.html]
[lambdathemes.in/modern/ui-progress13d4.html]
[lambdathemes.in/modern/ui-progress938c.html]
[lambdathemes.in/modern/ui-progress4965.html]
[lambdathemes.in/modern/assets/plugins/nestable/nestable.css]
[lambdathemes.in/modern/ui-nestableca00.html]
[lambdathemes.in/modern/ui-nestableaf91.html]
[lambdathemes.in/modern/ui-nestable0e99.html]
[lambdathemes.in/modern/ui-nestable13d4.html]
[lambdathemes.in/modern/ui-nestable938c.html]
[lambdathemes.in/modern/ui-nestable4965.html]
[lambdathemes.in/modern/assets/plugins/jstree/themes/default/style.min.css]
[lambdathemes.in/modern/ui-tree-viewca00.html]
[lambdathemes.in/modern/ui-tree-viewaf91.html]
[lambdathemes.in/modern/ui-tree-view0e99.html]
[lambdathemes.in/modern/ui-tree-view13d4.html]
[lambdathemes.in/modern/ui-tree-view938c.html]
[lambdathemes.in/modern/ui-tree-view4965.html]
[lambdathemes.in/modern/layout-blankca00.html]
[lambdathemes.in/modern/layout-blankaf91.html]
[lambdathemes.in/modern/layout-blank0e99.html]
[lambdathemes.in/modern/layout-blank13d4.html]
[lambdathemes.in/modern/layout-blank938c.html]
[lambdathemes.in/modern/layout-blank4965.html]
[lambdathemes.in/modern/layout-boxedca00.html]
[lambdathemes.in/modern/layout-boxedaf91.html]
[lambdathemes.in/modern/layout-boxed0e99.html]
[lambdathemes.in/modern/layout-boxed13d4.html]
[lambdathemes.in/modern/layout-boxed938c.html]
[lambdathemes.in/modern/layout-boxed4965.html]
[lambdathemes.in/modern/layout-horizontal-menuca00.html]
[lambdathemes.in/modern/layout-horizontal-menuaf91.html]
[lambdathemes.in/modern/layout-horizontal-menu0e99.html]
[lambdathemes.in/modern/layout-horizontal-menu13d4.html]
[lambdathemes.in/modern/layout-horizontal-menu938c.html]
[lambdathemes.in/modern/layout-horizontal-menu4965.html]
[lambdathemes.in/modern/layout-horizontal-menu-boxedca00.html]
[lambdathemes.in/modern/layout-horizontal-menu-boxedaf91.html]
[lambdathemes.in/modern/layout-horizontal-menu-boxed0e99.html]
[lambdathemes.in/modern/layout-horizontal-menu-boxed13d4.html]
[lambdathemes.in/modern/layout-horizontal-menu-boxed938c.html]
[lambdathemes.in/modern/layout-horizontal-menu-boxed4965.html]
[lambdathemes.in/modern/layout-horizontal-menu-minimalca00.html]
[lambdathemes.in/modern/layout-horizontal-menu-minimalaf91.html]
[lambdathemes.in/modern/layout-horizontal-menu-minimal0e99.html]
[lambdathemes.in/modern/layout-horizontal-menu-minimal13d4.html]
[lambdathemes.in/modern/layout-horizontal-menu-minimal938c.html]
[lambdathemes.in/modern/layout-horizontal-menu-minimal4965.html]
[lambdathemes.in/modern/layout-fixed-sidebarca00.html]
[lambdathemes.in/modern/layout-fixed-sidebaraf91.html]
[lambdathemes.in/modern/layout-fixed-sidebar0e99.html]
[lambdathemes.in/modern/layout-fixed-sidebar13d4.html]
[lambdathemes.in/modern/layout-fixed-sidebar938c.html]
[lambdathemes.in/modern/layout-fixed-sidebar4965.html]
[lambdathemes.in/modern/layout-static-headerca00.html]
[lambdathemes.in/modern/layout-static-headeraf91.html]
[lambdathemes.in/modern/layout-static-header0e99.html]
[lambdathemes.in/modern/layout-static-header13d4.html]
[lambdathemes.in/modern/layout-static-header938c.html]
[lambdathemes.in/modern/layout-static-header4965.html]
[lambdathemes.in/modern/layout-collapsed-sidebarca00.html]
[lambdathemes.in/modern/layout-collapsed-sidebaraf91.html]
[lambdathemes.in/modern/layout-collapsed-sidebar0e99.html]
[lambdathemes.in/modern/layout-collapsed-sidebar13d4.html]
[lambdathemes.in/modern/layout-collapsed-sidebar938c.html]
[lambdathemes.in/modern/layout-collapsed-sidebar4965.html]
[lambdathemes.in/modern/layout-compact-menuca00.html]
[lambdathemes.in/modern/layout-compact-menuaf91.html]
[lambdathemes.in/modern/layout-compact-menu0e99.html]
[lambdathemes.in/modern/layout-compact-menu13d4.html]
[lambdathemes.in/modern/layout-compact-menu938c.html]
[lambdathemes.in/modern/layout-compact-menu4965.html]
[lambdathemes.in/modern/layout-hover-menuca00.html]
[lambdathemes.in/modern/layout-hover-menuaf91.html]
[lambdathemes.in/modern/layout-hover-menu0e99.html]
[lambdathemes.in/modern/layout-hover-menu13d4.html]
[lambdathemes.in/modern/layout-hover-menu938c.html]
[lambdathemes.in/modern/layout-hover-menu4965.html]
[lambdathemes.in/modern/table-staticca00.html]
[lambdathemes.in/modern/table-staticaf91.html]
[lambdathemes.in/modern/table-static0e99.html]
[lambdathemes.in/modern/table-static13d4.html]
[lambdathemes.in/modern/table-static938c.html]
[lambdathemes.in/modern/table-static4965.html]
[lambdathemes.in/modern/table-responsiveca00.html]
[lambdathemes.in/modern/table-responsiveaf91.html]
[lambdathemes.in/modern/table-responsive0e99.html]
[lambdathemes.in/modern/table-responsive13d4.html]
[lambdathemes.in/modern/table-responsive938c.html]
[lambdathemes.in/modern/table-responsive4965.html]
[lambdathemes.in/modern/assets/plugins/datatables/images/sort_both.png]
[lambdathemes.in/modern/assets/plugins/datatables/images/sort_asc.png]
[lambdathemes.in/modern/assets/plugins/datatables/images/sort_desc.png]
[lambdathemes.in/modern/assets/plugins/datatables/images/sort_asc_disabled.png]
[lambdathemes.in/modern/assets/plugins/datatables/images/sort_desc_disabled.png]
[lambdathemes.in/modern/assets/plugins/datatables/css/jquery.datatables.min.css]
[lambdathemes.in/modern/assets/plugins/datatables/css/jquery.datatables_themeroller.css]
[lambdathemes.in/modern/table-dataca00.html]
[lambdathemes.in/modern/table-dataaf91.html]
[lambdathemes.in/modern/table-data0e99.html]
[lambdathemes.in/modern/table-data13d4.html]
[lambdathemes.in/modern/table-data938c.html]
[lambdathemes.in/modern/table-data4965.html]
[lambdathemes.in/modern/assets/plugins/bootstrap-datepicker/css/datepicker3.css]
[lambdathemes.in/modern/assets/plugins/bootstrap-colorpicker/img/saturation.png]
[lambdathemes.in/modern/assets/plugins/bootstrap-colorpicker/img/hue.png]
[lambdathemes.in/modern/assets/plugins/bootstrap-colorpicker/img/alpha.png]
[lambdathemes.in/modern/assets/plugins/bootstrap-colorpicker/css/colorpicker.css]
[lambdathemes.in/modern/form-elementsca00.html]
[lambdathemes.in/modern/form-elementsaf91.html]
[lambdathemes.in/modern/form-elements0e99.html]
[lambdathemes.in/modern/form-elements13d4.html]
[lambdathemes.in/modern/form-elements938c.html]
[lambdathemes.in/modern/form-elements4965.html]
[lambdathemes.in/modern/form-wizardca00.html]
[lambdathemes.in/modern/form-wizardaf91.html]
[lambdathemes.in/modern/form-wizard0e99.html]
[lambdathemes.in/modern/form-wizard13d4.html]
[lambdathemes.in/modern/form-wizard938c.html]
[lambdathemes.in/modern/form-wizard4965.html]
[lambdathemes.in/modern/assets/plugins/dropzone/dropzone.min.css]
[lambdathemes.in/modern/form-uploadca00.html]
[lambdathemes.in/modern/form-uploadaf91.html]
[lambdathemes.in/modern/form-upload0e99.html]
[lambdathemes.in/modern/form-upload13d4.html]
[lambdathemes.in/modern/form-upload938c.html]
[lambdathemes.in/modern/form-upload4965.html]
[lambdathemes.in/modern/assets/plugins/image-cropper/cropper.min.css]
[lambdathemes.in/modern/form-image-cropca00.html]
[lambdathemes.in/modern/form-image-cropaf91.html]
[lambdathemes.in/modern/form-image-crop0e99.html]
[lambdathemes.in/modern/form-image-crop13d4.html]
[lambdathemes.in/modern/form-image-crop938c.html]
[lambdathemes.in/modern/form-image-crop4965.html]
[lambdathemes.in/modern/assets/plugins/select2/css/select2.min.css]
[lambdathemes.in/modern/form-select2ca00.html]
[lambdathemes.in/modern/form-select2af91.html]
[lambdathemes.in/modern/form-select20e99.html]
[lambdathemes.in/modern/form-select213d4.html]
[lambdathemes.in/modern/form-select2938c.html]
[lambdathemes.in/modern/form-select24965.html]
[lambdathemes.in/modern/assets/images/crop.jpg]
[lambdathemes.in/modern/assets/plugins/x-editable/bootstrap3-editable/img/loading.gif]
[lambdathemes.in/modern/assets/plugins/x-editable/bootstrap3-editable/img/clear.png]
[lambdathemes.in/modern/assets/plugins/x-editable/bootstrap3-editable/css/bootstrap-editable.css]
[lambdathemes.in/modern/assets/plugins/x-editable/inputs-ext/typeaheadjs/lib/typeahead.js-bootstrap.css]
[lambdathemes.in/modern/assets/plugins/x-editable/inputs-ext/address/address.css]
[lambdathemes.in/modern/assets/plugins/bootstrap-datetimepicker/css/bootstrap-datetimepicker.min.css]
[lambdathemes.in/modern/form-x-editableca00.html]
[lambdathemes.in/modern/form-x-editableaf91.html]
[lambdathemes.in/modern/form-x-editable0e99.html]
[lambdathemes.in/modern/form-x-editable13d4.html]
[lambdathemes.in/modern/form-x-editable938c.html]
[lambdathemes.in/modern/form-x-editable4965.html]
[lambdathemes.in/modern/demo-jqueryui.html]
[lambdathemes.in/modern/demo-plain.html]
[lambdathemes.in/modern/demo.html]
[lambdathemes.in/modern/demo-bs3.html]
[lambdathemes.in/modern/charts-sparklineca00.html]
[lambdathemes.in/modern/charts-sparklineaf91.html]
[lambdathemes.in/modern/charts-sparkline0e99.html]
[lambdathemes.in/modern/charts-sparkline13d4.html]
[lambdathemes.in/modern/charts-sparkline938c.html]
[lambdathemes.in/modern/charts-sparkline4965.html]
[lambdathemes.in/modern/assets/plugins/morris/morris.css]
[lambdathemes.in/modern/charts-morrisca00.html]
[lambdathemes.in/modern/charts-morrisaf91.html]
[lambdathemes.in/modern/charts-morris0e99.html]
[lambdathemes.in/modern/charts-morris13d4.html]
[lambdathemes.in/modern/charts-morris938c.html]
[lambdathemes.in/modern/charts-morris4965.html]
[lambdathemes.in/modern/charts-flotchartca00.html]
[lambdathemes.in/modern/charts-flotchartaf91.html]
[lambdathemes.in/modern/charts-flotchart0e99.html]
[lambdathemes.in/modern/charts-flotchart13d4.html]
[lambdathemes.in/modern/charts-flotchart938c.html]
[lambdathemes.in/modern/charts-flotchart4965.html]
[lambdathemes.in/modern/charts-chartjsca00.html]
[lambdathemes.in/modern/charts-chartjsaf91.html]
[lambdathemes.in/modern/charts-chartjs0e99.html]
[lambdathemes.in/modern/charts-chartjs13d4.html]
[lambdathemes.in/modern/charts-chartjs938c.html]
[lambdathemes.in/modern/charts-chartjs4965.html]
[lambdathemes.in/modern/maps-googleca00.html]
[lambdathemes.in/modern/maps-googleaf91.html]
[lambdathemes.in/modern/maps-google0e99.html]
[lambdathemes.in/modern/maps-google13d4.html]
[lambdathemes.in/modern/maps-google938c.html]
[lambdathemes.in/modern/maps-google4965.html]
[lambdathemes.in/modern/assets/plugins/jqvmap/jqvmap.css]
[lambdathemes.in/modern/maps-vectorca00.html]
[lambdathemes.in/modern/maps-vectoraf91.html]
[lambdathemes.in/modern/maps-vector0e99.html]
[lambdathemes.in/modern/maps-vector13d4.html]
[lambdathemes.in/modern/maps-vector938c.html]
[lambdathemes.in/modern/maps-vector4965.html]
[lambdathemes.in/modern/invoiceca00.html]
[lambdathemes.in/modern/invoiceaf91.html]
[lambdathemes.in/modern/invoice0e99.html]
[lambdathemes.in/modern/invoice13d4.html]
[lambdathemes.in/modern/invoice938c.html]
[lambdathemes.in/modern/invoice4965.html]
[lambdathemes.in/modern/assets/plugins/pricing-tables/img/cd-icon-small-arrow.svg]
[lambdathemes.in/modern/assets/plugins/pricing-tables/css/style.css]
[lambdathemes.in/modern/pricing-tablesca00.html]
[lambdathemes.in/modern/pricing-tablesaf91.html]
[lambdathemes.in/modern/pricing-tables0e99.html]
[lambdathemes.in/modern/pricing-tables13d4.html]
[lambdathemes.in/modern/pricing-tables938c.html]
[lambdathemes.in/modern/pricing-tables4965.html]
[lambdathemes.in/modern/assets/plugins/product-preview-slider/css/style.css]
[lambdathemes.in/modern/assets/plugins/checkoutconcepts/css/checkout-cornerflat.css]
[lambdathemes.in/modern/shopca00.html]
[lambdathemes.in/modern/shopaf91.html]
[lambdathemes.in/modern/shop0e99.html]
[lambdathemes.in/modern/shop13d4.html]
[lambdathemes.in/modern/shop938c.html]
[lambdathemes.in/modern/shop4965.html]
[lambdathemes.in/modern/assets/plugins/gridgallery/css/component.css]
[lambdathemes.in/modern/galleryca00.html]
[lambdathemes.in/modern/galleryaf91.html]
[lambdathemes.in/modern/gallery0e99.html]
[lambdathemes.in/modern/gallery13d4.html]
[lambdathemes.in/modern/gallery938c.html]
[lambdathemes.in/modern/gallery4965.html]
[lambdathemes.in/modern/assets/plugins/vertical-timeline/css/style.css]
[lambdathemes.in/modern/timelineca00.html]
[lambdathemes.in/modern/timelineaf91.html]
[lambdathemes.in/modern/timeline0e99.html]
[lambdathemes.in/modern/timeline13d4.html]
[lambdathemes.in/modern/timeline938c.html]
[lambdathemes.in/modern/timeline4965.html]
[lambdathemes.in/modern/searchca00.html]
[lambdathemes.in/modern/searchaf91.html]
[lambdathemes.in/modern/search0e99.html]
[lambdathemes.in/modern/search13d4.html]
[lambdathemes.in/modern/search938c.html]
[lambdathemes.in/modern/search4965.html]
[lambdathemes.in/modern/contactca00.html]
[lambdathemes.in/modern/contactaf91.html]
[lambdathemes.in/modern/contact0e99.html]
[lambdathemes.in/modern/contact13d4.html]
[lambdathemes.in/modern/contact938c.html]
[lambdathemes.in/modern/contact4965.html]
[lambdathemes.in/modern/assets/plugins/pricing-tables/img/cd-icon-small-arrow.svg]
